Hello from test1
Data first: A Test Entry
Data last: A second Test
